C:\Users\superman\Desktop\EE427_SpaceInvaders\SpaceInvaders\implementation\system.ngc 1476318639
C:/Users/superman/Desktop/EE427_SpaceInvaders/SpaceInvaders/implementation/push_buttons_5bits_wrapper.ngc 1476318422
C:/Users/superman/Desktop/EE427_SpaceInvaders/SpaceInvaders/implementation/rs232_uart_1_wrapper.ngc 1476318552
C:/Users/superman/Desktop/EE427_SpaceInvaders/SpaceInvaders/implementation/proc_sys_reset_0_wrapper.ngc 1476318215
C:/Users/superman/Desktop/EE427_SpaceInvaders/SpaceInvaders/implementation/clock_generator_0_wrapper.ngc 1476318606
C:/Users/superman/Desktop/EE427_SpaceInvaders/SpaceInvaders/implementation/axi_hdmi_0_wrapper.ngc 1476318431
C:/Users/superman/Desktop/EE427_SpaceInvaders/SpaceInvaders/implementation/axi_ac97_0_wrapper.ngc 1476318438
C:/Users/superman/Desktop/EE427_SpaceInvaders/SpaceInvaders/implementation/microblaze_0_ilmb_wrapper.ngc 1476318597
C:/Users/superman/Desktop/EE427_SpaceInvaders/SpaceInvaders/implementation/microblaze_0_dlmb_wrapper.ngc 1476318600
C:/Users/superman/Desktop/EE427_SpaceInvaders/SpaceInvaders/implementation/mcb_ddr2_wrapper.ngc 1476318618
C:/Users/superman/Desktop/EE427_SpaceInvaders/SpaceInvaders/implementation/axi4lite_0_wrapper.ngc 1476318612
C:/Users/superman/Desktop/EE427_SpaceInvaders/SpaceInvaders/implementation/axi4_0_wrapper.ngc 1476318615
C:/Users/superman/Desktop/EE427_SpaceInvaders/SpaceInvaders/implementation/microblaze_0_wrapper.ngc 1476318603
C:/Users/superman/Desktop/EE427_SpaceInvaders/SpaceInvaders/implementation/axi_vdma_0_wrapper.ngc 1476318609
C:/Users/superman/Desktop/EE427_SpaceInvaders/SpaceInvaders/implementation/axi_intc_0_wrapper.ngc 1476318582
C:/Users/superman/Desktop/EE427_SpaceInvaders/SpaceInvaders/implementation/microblaze_0_i_bram_ctrl_wrapper.ngc 1476318224
C:/Users/superman/Desktop/EE427_SpaceInvaders/SpaceInvaders/implementation/microblaze_0_d_bram_ctrl_wrapper.ngc 1476318232
C:/Users/superman/Desktop/EE427_SpaceInvaders/SpaceInvaders/implementation/debug_module_wrapper.ngc 1476318294
C:/Users/superman/Desktop/EE427_SpaceInvaders/SpaceInvaders/implementation/digilent_quadspi_cntlr_wrapper.ngc 1476318576
C:/Users/superman/Desktop/EE427_SpaceInvaders/SpaceInvaders/implementation/axi_timer_0_wrapper.ngc 1476318589
C:/Users/superman/Desktop/EE427_SpaceInvaders/SpaceInvaders/implementation/fit_timer_0_wrapper.ngc 1476318594
C:/Users/superman/Desktop/EE427_SpaceInvaders/SpaceInvaders/implementation/microblaze_0_bram_block_wrapper.ngc 1476318238
OK
