C:\Users\superman\Desktop\EE427_SpaceInvaders\SpaceInvaders\implementation\system.ngc 1481312056
C:/Users/superman/Desktop/EE427_SpaceInvaders/SpaceInvaders/implementation/push_buttons_5bits_wrapper.ngc 1481311981
C:/Users/superman/Desktop/EE427_SpaceInvaders/SpaceInvaders/implementation/capacitive_buttons_0_wrapper.ngc 1481312015
C:/Users/superman/Desktop/EE427_SpaceInvaders/SpaceInvaders/implementation/switches_wrapper.ngc 1481311981
C:/Users/superman/Desktop/EE427_SpaceInvaders/SpaceInvaders/implementation/rs232_uart_1_wrapper.ngc 1481311981
C:/Users/superman/Desktop/EE427_SpaceInvaders/SpaceInvaders/implementation/proc_sys_reset_0_wrapper.ngc 1481311981
C:/Users/superman/Desktop/EE427_SpaceInvaders/SpaceInvaders/implementation/clock_generator_0_wrapper.ngc 1481312031
C:/Users/superman/Desktop/EE427_SpaceInvaders/SpaceInvaders/implementation/axi_hdmi_0_wrapper.ngc 1481311981
C:/Users/superman/Desktop/EE427_SpaceInvaders/SpaceInvaders/implementation/axi_ac97_0_wrapper.ngc 1481312000
C:/Users/superman/Desktop/EE427_SpaceInvaders/SpaceInvaders/implementation/microblaze_0_ilmb_wrapper.ngc 1481311981
C:/Users/superman/Desktop/EE427_SpaceInvaders/SpaceInvaders/implementation/microblaze_0_dlmb_wrapper.ngc 1481311981
C:/Users/superman/Desktop/EE427_SpaceInvaders/SpaceInvaders/implementation/mcb_ddr2_wrapper.ngc 1481311981
C:/Users/superman/Desktop/EE427_SpaceInvaders/SpaceInvaders/implementation/axi4lite_0_wrapper.ngc 1481311981
C:/Users/superman/Desktop/EE427_SpaceInvaders/SpaceInvaders/implementation/axi4_0_wrapper.ngc 1481311981
C:/Users/superman/Desktop/EE427_SpaceInvaders/SpaceInvaders/implementation/microblaze_0_wrapper.ngc 1481311981
C:/Users/superman/Desktop/EE427_SpaceInvaders/SpaceInvaders/implementation/axi_vdma_0_wrapper.ngc 1481311981
C:/Users/superman/Desktop/EE427_SpaceInvaders/SpaceInvaders/implementation/axi_intc_0_wrapper.ngc 1481311981
C:/Users/superman/Desktop/EE427_SpaceInvaders/SpaceInvaders/implementation/microblaze_0_i_bram_ctrl_wrapper.ngc 1481311981
C:/Users/superman/Desktop/EE427_SpaceInvaders/SpaceInvaders/implementation/microblaze_0_d_bram_ctrl_wrapper.ngc 1481311981
C:/Users/superman/Desktop/EE427_SpaceInvaders/SpaceInvaders/implementation/debug_module_wrapper.ngc 1481311981
C:/Users/superman/Desktop/EE427_SpaceInvaders/SpaceInvaders/implementation/digilent_quadspi_cntlr_wrapper.ngc 1481311981
C:/Users/superman/Desktop/EE427_SpaceInvaders/SpaceInvaders/implementation/axi_timer_0_wrapper.ngc 1481311981
C:/Users/superman/Desktop/EE427_SpaceInvaders/SpaceInvaders/implementation/fit_timer_0_wrapper.ngc 1481311981
C:/Users/superman/Desktop/EE427_SpaceInvaders/SpaceInvaders/implementation/pit_0_wrapper.ngc 1481312008
C:/Users/superman/Desktop/EE427_SpaceInvaders/SpaceInvaders/implementation/dmacontroller_0_wrapper.ngc 1481312028
C:/Users/superman/Desktop/EE427_SpaceInvaders/SpaceInvaders/implementation/microblaze_0_bram_block_wrapper.ngc 1481311981
OK
