C:\Users\superman\Desktop\EE427_SpaceInvaders\SpaceInvaders\implementation\system.ngc 1476380268
C:/Users/superman/Desktop/EE427_SpaceInvaders/SpaceInvaders/implementation/push_buttons_5bits_wrapper.ngc 1476380051
C:/Users/superman/Desktop/EE427_SpaceInvaders/SpaceInvaders/implementation/rs232_uart_1_wrapper.ngc 1476380181
C:/Users/superman/Desktop/EE427_SpaceInvaders/SpaceInvaders/implementation/proc_sys_reset_0_wrapper.ngc 1476379843
C:/Users/superman/Desktop/EE427_SpaceInvaders/SpaceInvaders/implementation/clock_generator_0_wrapper.ngc 1476380234
C:/Users/superman/Desktop/EE427_SpaceInvaders/SpaceInvaders/implementation/axi_hdmi_0_wrapper.ngc 1476380059
C:/Users/superman/Desktop/EE427_SpaceInvaders/SpaceInvaders/implementation/axi_ac97_0_wrapper.ngc 1476380066
C:/Users/superman/Desktop/EE427_SpaceInvaders/SpaceInvaders/implementation/microblaze_0_ilmb_wrapper.ngc 1476380225
C:/Users/superman/Desktop/EE427_SpaceInvaders/SpaceInvaders/implementation/microblaze_0_dlmb_wrapper.ngc 1476380228
C:/Users/superman/Desktop/EE427_SpaceInvaders/SpaceInvaders/implementation/mcb_ddr2_wrapper.ngc 1476380246
C:/Users/superman/Desktop/EE427_SpaceInvaders/SpaceInvaders/implementation/axi4lite_0_wrapper.ngc 1476380240
C:/Users/superman/Desktop/EE427_SpaceInvaders/SpaceInvaders/implementation/axi4_0_wrapper.ngc 1476380243
C:/Users/superman/Desktop/EE427_SpaceInvaders/SpaceInvaders/implementation/microblaze_0_wrapper.ngc 1476380231
C:/Users/superman/Desktop/EE427_SpaceInvaders/SpaceInvaders/implementation/axi_vdma_0_wrapper.ngc 1476380237
C:/Users/superman/Desktop/EE427_SpaceInvaders/SpaceInvaders/implementation/axi_intc_0_wrapper.ngc 1476380210
C:/Users/superman/Desktop/EE427_SpaceInvaders/SpaceInvaders/implementation/microblaze_0_i_bram_ctrl_wrapper.ngc 1476379852
C:/Users/superman/Desktop/EE427_SpaceInvaders/SpaceInvaders/implementation/microblaze_0_d_bram_ctrl_wrapper.ngc 1476379861
C:/Users/superman/Desktop/EE427_SpaceInvaders/SpaceInvaders/implementation/debug_module_wrapper.ngc 1476379922
C:/Users/superman/Desktop/EE427_SpaceInvaders/SpaceInvaders/implementation/digilent_quadspi_cntlr_wrapper.ngc 1476380205
C:/Users/superman/Desktop/EE427_SpaceInvaders/SpaceInvaders/implementation/axi_timer_0_wrapper.ngc 1476380218
C:/Users/superman/Desktop/EE427_SpaceInvaders/SpaceInvaders/implementation/fit_timer_0_wrapper.ngc 1476380222
C:/Users/superman/Desktop/EE427_SpaceInvaders/SpaceInvaders/implementation/microblaze_0_bram_block_wrapper.ngc 1476379867
OK
