
**** Build of configuration Debug for project hello_world_0 ****

make all 
Building file: ../src/aliens.c
Invoking: MicroBlaze gcc compiler
mb-gcc -Wall -O0 -g3 -c -fmessage-length=0 -I../../hello_world_bsp_0/microblaze_0/include -mlittle-endian -mxl-barrel-shift -mxl-pattern-compare -mcpu=v8.20.b -mno-xl-soft-mul -MMD -MP -MF"src/aliens.d" -MT"src/aliens.d" -o"src/aliens.o" "../src/aliens.c"
Finished building: ../src/aliens.c
' '
Building file: ../src/bullets.c
Invoking: MicroBlaze gcc compiler
mb-gcc -Wall -O0 -g3 -c -fmessage-length=0 -I../../hello_world_bsp_0/microblaze_0/include -mlittle-endian -mxl-barrel-shift -mxl-pattern-compare -mcpu=v8.20.b -mno-xl-soft-mul -MMD -MP -MF"src/bullets.d" -MT"src/bullets.d" -o"src/bullets.o" "../src/bullets.c"
Finished building: ../src/bullets.c
' '
Building file: ../src/controls.c
Invoking: MicroBlaze gcc compiler
mb-gcc -Wall -O0 -g3 -c -fmessage-length=0 -I../../hello_world_bsp_0/microblaze_0/include -mlittle-endian -mxl-barrel-shift -mxl-pattern-compare -mcpu=v8.20.b -mno-xl-soft-mul -MMD -MP -MF"src/controls.d" -MT"src/controls.d" -o"src/controls.o" "../src/controls.c"
Finished building: ../src/controls.c
' '
Building file: ../src/events.c
Invoking: MicroBlaze gcc compiler
mb-gcc -Wall -O0 -g3 -c -fmessage-length=0 -I../../hello_world_bsp_0/microblaze_0/include -mlittle-endian -mxl-barrel-shift -mxl-pattern-compare -mcpu=v8.20.b -mno-xl-soft-mul -MMD -MP -MF"src/events.d" -MT"src/events.d" -o"src/events.o" "../src/events.c"
Finished building: ../src/events.c
' '
Building file: ../src/render.c
Invoking: MicroBlaze gcc compiler
mb-gcc -Wall -O0 -g3 -c -fmessage-length=0 -I../../hello_world_bsp_0/microblaze_0/include -mlittle-endian -mxl-barrel-shift -mxl-pattern-compare -mcpu=v8.20.b -mno-xl-soft-mul -MMD -MP -MF"src/render.d" -MT"src/render.d" -o"src/render.o" "../src/render.c"
Finished building: ../src/render.c
' '
Building target: hello_world_0.elf
Invoking: MicroBlaze gcc linker
mb-gcc -Wl,-T -Wl,../src/lscript.ld -L../../hello_world_bsp_0/microblaze_0/lib -mlittle-endian -mxl-barrel-shift -mxl-pattern-compare -mcpu=v8.20.b -mno-xl-soft-mul -o"hello_world_0.elf"  ./src/aliens.o ./src/bullets.o ./src/bunkers.o ./src/controls.o ./src/events.o ./src/main.o ./src/platform.o ./src/render.o ./src/sprite_bit_maps.o ./src/sprite_char_bit_maps.o ./src/sprites.o ./src/tank.o ./src/text.o ./src/timer.o ./src/ufo.o ./src/xac97_l.o  ./src/audio_files/alienMovement1.o ./src/audio_files/alienMovement2.o ./src/audio_files/alienMovement3.o ./src/audio_files/alienMovement4.o ./src/audio_files/alienMovemnt3.o ./src/audio_files/audio.o ./src/audio_files/explosionAlien.o ./src/audio_files/tankExplosion.o ./src/audio_files/tankFireNoise.o ./src/audio_files/ufoNoise.o   -Wl,--start-group,-lxil,-lgcc,-lc,--end-group
Finished building target: hello_world_0.elf
' '
Invoking: MicroBlaze Print Size
mb-size hello_world_0.elf  |tee "hello_world_0.elf.size"
   text	   data	    bss	    dec	    hex	filename
  54608	 247932	  10284	 312824	  4c5f8	hello_world_0.elf
Finished building: hello_world_0.elf.size
' '
Invoking: Xilinx ELF Check
elfcheck hello_world_0.elf -hw ../../SpaceInvaders_hw_platform/system.xml -pe microblaze_0  |tee "hello_world_0.elf.elfcheck"
elfcheck
Xilinx EDK 13.4 Build EDK_O.87xd
Copyright (c) 1995-2011 Xilinx, Inc.  All rights reserved.

Command Line: elfcheck -hw ../../SpaceInvaders_hw_platform/system.xml -pe
microblaze_0 hello_world_0.elf 

ELF file	: hello_world_0.elf
elfcheck passed.
Finished building: hello_world_0.elf.elfcheck
' '
